]0;~/git/knapsack[?1034hflpro:knapsack flennic$ [Kflpro:knapsack flennic$ ls
DESCRIPTION	NAMESPACE	R		knapsack.Rproj	man
]0;~/git/knapsackflpro:knapsack flennic$ git status
fatal: not a git repository (or any of the parent directories): .git
]0;~/git/knapsackflpro:knapsack flennic$ git init
Initialized empty Git repository in /Users/flennic/git/knapsack/.git/
]0;~/git/knapsackflpro:knapsack flennic$ git add -A[K[K[K[K[K[K[K[K[K[Kgit[K[K[Kvim .git/[Ki[K[Kt/[K[K[K[K[K[K[K[K[Kvim .gitignore
[?2004h]0;~/git/knapsackflpro:knapsack flennic$ git status
On branch master

No commits yet

Untracked files:
  (use "git add <file>..." to include in what will be committed)

	[31m.Rbuildignore[m
	[31m.Rproj.user/[m
	[31m.gitignore[m
	[31mDESCRIPTION[m
	[31mLICENSE[m
	[31mNAMESPACE[m
	[31mR/[m
	[31mknapsack.Rproj[m
	[31mman/[m

nothing added to commit but untracked files present (use "git add" to track)
]0;~/git/knapsackflpro:knapsack flennic$ git add -A